../Drivers/CMSIS/Include/core_cm7.h:2229:22:SCB_EnableICache	4	static,ignoring_inline_asm
../Drivers/CMSIS/Include/core_cm7.h:2281:22:SCB_EnableDCache	24	static,ignoring_inline_asm
../Core/Src/main.c:77:5:main	8	static
../Core/Src/main.c:136:6:SystemClock_Config	88	static
../Core/Src/main.c:189:13:MX_CRC_Init	8	static
../Core/Src/main.c:220:13:MX_DMA2D_Init	8	static
../Core/Src/main.c:257:13:MX_LTDC_Init	64	static
../Core/Src/main.c:319:13:MX_GPIO_Init	64	static
../Core/Src/main.c:412:6:MPU_Config	24	static
../Core/Src/main.c:447:6:HAL_TIM_PeriodElapsedCallback	16	static
../Core/Src/main.c:464:6:Error_Handler	4	static,ignoring_inline_asm
